// Jest Snapshot v1, https://goo.gl/fbAQLP

exports[`FolderScreen renders correctly 1`] = `null`;
