// Jest Snapshot v1, https://goo.gl/fbAQLP

exports[`ForgotPasswordScreen renders correctly 1`] = `null`;
