// Jest Snapshot v1, https://goo.gl/fbAQLP

exports[`ModulesScreen renders correctly 1`] = `null`;
