// Jest Snapshot v1, https://goo.gl/fbAQLP

exports[`ProfileSetUpOneScreen renders correctly 1`] = `null`;
