// Jest Snapshot v1, https://goo.gl/fbAQLP

exports[`ProfileSetUpFourScreen renders correctly 1`] = `null`;
