// Jest Snapshot v1, https://goo.gl/fbAQLP

exports[`ProfileSetUpTwoScreen renders correctly 1`] = `null`;
