// Jest Snapshot v1, https://goo.gl/fbAQLP

exports[`ResetPasswordConfirmationScreen renders correctly 1`] = `null`;
